RAM : INIT : Loading RAM contents from test/1-binary/j_1.hex.txt
WARNING: RAM_8x4096.v:26: $readmemh: The behaviour for reg[...] mem[N:0]; $readmemh("...", mem); changed in the 1364-2005 standard. To avoid ambiguity, use mem[0:N] or explicit range parameters $readmemh("...", mem, start, stop);. Defaulting to 1364-2005 behavior.
WARNING: RAM_8x4096.v:26: $readmemh(test/1-binary/j_1.hex.txt): Not enough words in the file for the requested range [0:4194303].
memory b1 00001010
memory b2 00000000
memory b3 00000010
memory b4 00100100
Is_Jump = 0, BranchNext = xxxxxxxxxxxxxxxxxxxxxxxxxxxxxxxx, Instr = xxxxxxxxxxxxxxxxxxxxxxxxxxxxxxxx, IorD = x, State = 101 IrSel = 1
readdata = xxxxxxxxxxxxxxxxxxxxxxxxxxxxxxxx  address = xxxxxxxxxxxxxxxxxxxxxxxxxxxxxxxx read = 0
PC = xxxxxxxxxxxxxxxxxxxxxxxxxxxxxxxx Result = xxxxxxxxxxxxxxxxxxxxxxxxxxxxxxxx PCWrite = 0 ALUsel = x PCIs0 = x, AluSrcB = xxxxxxxxxxxxxxxxxxxxxxxxxxxxxxxx AluSrcB = xx
SrcA = xxxxxxxxxxxxxxxxxxxxxxxxxxxxxxxx AluSrcA = x ALUControl = xxxxx
reset = 0


write_index3 = xxxxx write_enable = 0 write_data3 = xxxxxxxxxxxxxxxxxxxxxxxxxxxxxxxx
write_index3 = xxxxx write_enable = 0 write_data3 = xxxxxxxxxxxxxxxxxxxxxxxxxxxxxxxx
Is_Jump = 0, BranchNext = xxxxxxxxxxxxxxxxxxxxxxxxxxxxxxxx, Instr = xxxxxxxxxxxxxxxxxxxxxxxxxxxxxxxx, IorD = x, State = 101 IrSel = 1
readdata = xxxxxxxxxxxxxxxxxxxxxxxxxxxxxxxx  address = xxxxxxxxxxxxxxxxxxxxxxxxxxxxxxxx read = 0
PC = xxxxxxxxxxxxxxxxxxxxxxxxxxxxxxxx Result = xxxxxxxxxxxxxxxxxxxxxxxxxxxxxxxx PCWrite = 0 ALUsel = x PCIs0 = x, AluSrcB = xxxxxxxxxxxxxxxxxxxxxxxxxxxxxxxx AluSrcB = xx
SrcA = xxxxxxxxxxxxxxxxxxxxxxxxxxxxxxxx AluSrcA = x ALUControl = xxxxx
reset = 1


Is_Jump = 0, BranchNext = xxxxxxxxxxxxxxxxxxxxxxxxxxxxxxxx, Instr = xxxxxxxxxxxxxxxxxxxxxxxxxxxxxxxx, IorD = 0, State = 000 IrSel = 1
readdata = xxxxxxxxxxxxxxxxxxxxxxxxxxxxxxxx  address = 10111111110000000000000000000000 read = 1
PC = 10111111110000000000000000000000 Result = 10111111110000000000000000000100 PCWrite = 1 ALUsel = 0 PCIs0 = 0, AluSrcB = 00000000000000000000000000000100 AluSrcB = 01
SrcA = 10111111110000000000000000000000 AluSrcA = 0 ALUControl = 00010
reset = 0


write_index3 = xxxxx write_enable = 0 write_data3 = xxxxxxxxxxxxxxxxxxxxxxxxxxxxxxxx
write_index3 = xxxxx write_enable = 0 write_data3 = x01xx1xxx0xx1xx01x111111xx00x000
Is_Jump = 0, BranchNext = 10111111110000000000000000000100, Instr = 00100100000010001011111111000000, IorD = 0, State = 001 IrSel = 0
readdata = 00100100000010001011111111000000  address = 10111111110000000000000000000100 read = 0
PC = 10111111110000000000000000000100 Result = 10111111101111101111111100001000 PCWrite = 0 ALUsel = 0 PCIs0 = 0, AluSrcB = 11111111111111101111111100000000 AluSrcB = 11
SrcA = 10111111110000000000000000000100 AluSrcA = 0 ALUControl = 01101
reset = 0


Is_Jump = 0, BranchNext = 10111111101111101111111100001000, Instr = 00100100000010001011111111000000, IorD = 0, State = 010 IrSel = 1
readdata = 00000000000010000100010000000000  address = 10111111110000000000000000000100 read = 0
PC = 10111111110000000000000000000100 Result = 00000000000000001011111111000000 PCWrite = 0 ALUsel = 0 PCIs0 = 0, AluSrcB = 00000000000000001011111111000000 AluSrcB = 10
SrcA = 00000000000000000000000000000000 AluSrcA = 1 ALUControl = 00010
reset = 0


write_index3 = xxxxx write_enable = 0 write_data3 = 000000000000x000xxxxx1xxxx000000
write_index3 = 01000 write_enable = 1 write_data3 = 00000000000000001011111111000000
Is_Jump = 0, BranchNext = 00000000000000001011111111000000, Instr = 00100100000010001011111111000000, IorD = 0, State = 011 IrSel = 1
readdata = 00000000000010000100010000000000  address = 10111111110000000000000000000100 read = 0
PC = 10111111110000000000000000000100 Result = 00000000000000001011111111000000 PCWrite = 0 ALUsel = 1 PCIs0 = 0, AluSrcB = 00000000000000001011111111000000 AluSrcB = 10
SrcA = 00000000000000000000000000000000 AluSrcA = 1 ALUControl = 00010
reset = 0


Is_Jump = 0, BranchNext = 00000000000000001011111111000000, Instr = 00100100000010001011111111000000, IorD = 0, State = 000 IrSel = 1
readdata = 00000000000010000100010000000000  address = 10111111110000000000000000000100 read = 1
PC = 10111111110000000000000000000100 Result = 10111111110000000000000000001000 PCWrite = 1 ALUsel = 0 PCIs0 = 0, AluSrcB = 00000000000000000000000000000100 AluSrcB = 01
SrcA = 10111111110000000000000000000100 AluSrcA = 0 ALUControl = 00010
reset = 0


write_index3 = 01000 write_enable = 0 write_data3 = 10111111110000000000000000001000
write_index3 = 01000 write_enable = 0 write_data3 = 10111111110000010001000000001100
Is_Jump = 0, BranchNext = 10111111110000000000000000001000, Instr = 00000000000010000100010000000000, IorD = 0, State = 001 IrSel = 0
readdata = 00000000000010000100010000000000  address = 10111111110000000000000000001000 read = 0
PC = 10111111110000000000000000001000 Result = 10111111110000010001000000001100 PCWrite = 0 ALUsel = 0 PCIs0 = 0, AluSrcB = 00000000000000010001000000000000 AluSrcB = 11
SrcA = 10111111110000000000000000001000 AluSrcA = 0 ALUControl = 01101
reset = 0


Is_Jump = 0, BranchNext = 10111111110000010001000000001100, Instr = 00000000000010000100010000000000, IorD = 0, State = 010 IrSel = 1
readdata = 10001101000000100000000000101000  address = 10111111110000000000000000001000 read = 0
PC = 10111111110000000000000000001000 Result = 10111111110000000000000000000000 PCWrite = 0 ALUsel = 0 PCIs0 = 0, AluSrcB = 00000000000000001011111111000000 AluSrcB = 00
SrcA = 00000000000000000000000000000000 AluSrcA = 1 ALUControl = 01111
reset = 0


write_index3 = 01000 write_enable = 0 write_data3 = 10111111110000000000000000000000
write_index3 = 01000 write_enable = 1 write_data3 = 10111111110000000000000000000000
Is_Jump = 0, BranchNext = 10111111110000000000000000000000, Instr = 00000000000010000100010000000000, IorD = 0, State = 011 IrSel = 1
readdata = 10001101000000100000000000101000  address = 10111111110000000000000000001000 read = 0
PC = 10111111110000000000000000001000 Result = 10111111110000000000000000000000 PCWrite = 0 ALUsel = 1 PCIs0 = 0, AluSrcB = 00000000000000001011111111000000 AluSrcB = 00
SrcA = 00000000000000000000000000000000 AluSrcA = 1 ALUControl = 01111
reset = 0


Is_Jump = 0, BranchNext = 10111111110000000000000000000000, Instr = 00000000000010000100010000000000, IorD = 0, State = 000 IrSel = 1
readdata = 10001101000000100000000000101000  address = 10111111110000000000000000001000 read = 1
PC = 10111111110000000000000000001000 Result = 10111111110000000000000000001100 PCWrite = 1 ALUsel = 0 PCIs0 = 0, AluSrcB = 00000000000000000000000000000100 AluSrcB = 01
SrcA = 10111111110000000000000000001000 AluSrcA = 0 ALUControl = 00010
reset = 0


write_index3 = 01000 write_enable = 0 write_data3 = 10111111110000000000000000001100
write_index3 = 00000 write_enable = 0 write_data3 = 10111111110000000000000010110000
Is_Jump = 0, BranchNext = 10111111110000000000000000001100, Instr = 10001101000000100000000000101000, IorD = 0, State = 001 IrSel = 0
readdata = 10001101000000100000000000101000  address = 10111111110000000000000000001100 read = 0
PC = 10111111110000000000000000001100 Result = 10111111110000000000000010110000 PCWrite = 0 ALUsel = 0 PCIs0 = 0, AluSrcB = 00000000000000000000000010100000 AluSrcB = 11
SrcA = 10111111110000000000000000001100 AluSrcA = 0 ALUControl = 01101
reset = 0


Is_Jump = 0, BranchNext = 10111111110000000000000010110000, Instr = 10001101000000100000000000101000, IorD = 0, State = 010 IrSel = 1
readdata = 10001101000000110000000000101100  address = 10111111110000000000000000001100 read = 0
PC = 10111111110000000000000000001100 Result = 10111111110000000000000000101000 PCWrite = 0 ALUsel = 0 PCIs0 = 0, AluSrcB = 00000000000000000000000000101000 AluSrcB = 10
SrcA = 10111111110000000000000000000000 AluSrcA = 1 ALUControl = 00010
reset = 0


write_index3 = 00000 write_enable = 0 write_data3 = 10111111110000000000000000101000
write_index3 = 00000 write_enable = 0 write_data3 = 10111111110000000000000000101000
Is_Jump = 0, BranchNext = 10111111110000000000000000101000, Instr = 10001101000000100000000000101000, IorD = 1, State = 011 IrSel = 1
readdata = 10001101000000110000000000101100  address = 10111111110000000000000000101000 read = 1
PC = 10111111110000000000000000001100 Result = 10111111110000000000000000101000 PCWrite = 0 ALUsel = 1 PCIs0 = 0, AluSrcB = 00000000000000000000000000101000 AluSrcB = 10
SrcA = 10111111110000000000000000000000 AluSrcA = 1 ALUControl = 00010
reset = 0


Is_Jump = 0, BranchNext = 10111111110000000000000000101000, Instr = 10001101000000100000000000101000, IorD = 1, State = 100 IrSel = 1
readdata = 00000000000000000000000100011000  address = 10111111110000000000000000101000 read = 0
PC = 10111111110000000000000000001100 Result = 10111111110000000000000000101000 PCWrite = 0 ALUsel = 1 PCIs0 = 0, AluSrcB = 00000000000000000000000000101000 AluSrcB = 10
SrcA = 10111111110000000000000000000000 AluSrcA = 1 ALUControl = 00010
reset = 0


write_index3 = 00010 write_enable = 1 write_data3 = 00000000000000000000000100011000
write_index3 = 00010 write_enable = 0 write_data3 = 00000000000000000000000100011000
Is_Jump = 0, BranchNext = 10111111110000000000000000101000, Instr = 10001101000000100000000000101000, IorD = 0, State = 000 IrSel = 1
readdata = 00000000000000000000000100011000  address = 10111111110000000000000000001100 read = 1
PC = 10111111110000000000000000001100 Result = 10111111110000000000000000010000 PCWrite = 1 ALUsel = 0 PCIs0 = 0, AluSrcB = 00000000000000000000000000000100 AluSrcB = 01
SrcA = 10111111110000000000000000001100 AluSrcA = 0 ALUControl = 00010
reset = 0


Is_Jump = 0, BranchNext = 10111111110000000000000000010000, Instr = 10001101000000110000000000101100, IorD = 0, State = 001 IrSel = 0
readdata = 10001101000000110000000000101100  address = 10111111110000000000000000010000 read = 0
PC = 10111111110000000000000000010000 Result = 10111111110000000000000011000100 PCWrite = 0 ALUsel = 0 PCIs0 = 0, AluSrcB = 00000000000000000000000010110000 AluSrcB = 11
SrcA = 10111111110000000000000000010000 AluSrcA = 0 ALUControl = 01101
reset = 0


write_index3 = 00011 write_enable = 0 write_data3 = 10001101000000110000000000101100
write_index3 = 00011 write_enable = 0 write_data3 = 00001011111100000000000000000111
Is_Jump = 0, BranchNext = 10111111110000000000000011000100, Instr = 10001101000000110000000000101100, IorD = 0, State = 010 IrSel = 1
readdata = 00001011111100000000000000000111  address = 10111111110000000000000000010000 read = 0
PC = 10111111110000000000000000010000 Result = 10111111110000000000000000101100 PCWrite = 0 ALUsel = 0 PCIs0 = 0, AluSrcB = 00000000000000000000000000101100 AluSrcB = 10
SrcA = 10111111110000000000000000000000 AluSrcA = 1 ALUControl = 00010
reset = 0


Is_Jump = 0, BranchNext = 10111111110000000000000000101100, Instr = 10001101000000110000000000101100, IorD = 1, State = 011 IrSel = 1
readdata = 00001011111100000000000000000111  address = 10111111110000000000000000101100 read = 1
PC = 10111111110000000000000000010000 Result = 10111111110000000000000000101100 PCWrite = 0 ALUsel = 1 PCIs0 = 0, AluSrcB = 00000000000000000000000000101100 AluSrcB = 10
SrcA = 10111111110000000000000000000000 AluSrcA = 1 ALUControl = 00010
reset = 0


write_index3 = 00011 write_enable = 0 write_data3 = 00001011111100000000000000000111
write_index3 = 00011 write_enable = 1 write_data3 = 00000000000000000000000001100100
Is_Jump = 0, BranchNext = 10111111110000000000000000101100, Instr = 10001101000000110000000000101100, IorD = 1, State = 100 IrSel = 1
readdata = 00000000000000000000000001100100  address = 10111111110000000000000000101100 read = 0
PC = 10111111110000000000000000010000 Result = 10111111110000000000000000101100 PCWrite = 0 ALUsel = 1 PCIs0 = 0, AluSrcB = 00000000000000000000000000101100 AluSrcB = 10
SrcA = 10111111110000000000000000000000 AluSrcA = 1 ALUControl = 00010
reset = 0


Is_Jump = 0, BranchNext = 10111111110000000000000000101100, Instr = 10001101000000110000000000101100, IorD = 0, State = 000 IrSel = 1
readdata = 00000000000000000000000001100100  address = 10111111110000000000000000010000 read = 1
PC = 10111111110000000000000000010000 Result = 10111111110000000000000000010100 PCWrite = 1 ALUsel = 0 PCIs0 = 0, AluSrcB = 00000000000000000000000000000100 AluSrcB = 01
SrcA = 10111111110000000000000000010000 AluSrcA = 0 ALUControl = 00010
reset = 0


write_index3 = 00011 write_enable = 0 write_data3 = 00000000000000000000000001100100
write_index3 = 10000 write_enable = 0 write_data3 = 00001011111100000000000000000111
Is_Jump = 0, BranchNext = 10111111110000000000000000010100, Instr = 00001011111100000000000000000111, IorD = 0, State = 001 IrSel = 0
readdata = 00001011111100000000000000000111  address = 10111111110000000000000000010100 read = 0
PC = 10111111110000000000000000010100 Result = 00000000000000000000000000011100 PCWrite = 0 ALUsel = 0 PCIs0 = 0, AluSrcB = 00000000000000000000000000011100 AluSrcB = 11
SrcA = 10111111110000000000000000010100 AluSrcA = 0 ALUControl = 01011
reset = 0


Is_Jump = 1, BranchNext = 00000000000000000000000000011100, Instr = 00001011111100000000000000000111, IorD = 0, State = 010 IrSel = 1
readdata = 00100100000000100000000000001010  address = 10111111110000000000000000010100 read = 0
PC = 10111111110000000000000000010100 Result = 00001111110000000000000000011100 PCWrite = 0 ALUsel = 0 PCIs0 = 0, AluSrcB = 00000000000000000000000000011100 AluSrcB = 11
SrcA = 00000000000000000000000000000000 AluSrcA = 1 ALUControl = 10001
reset = 0


write_index3 = 10000 write_enable = 0 write_data3 = 00100100000000100000000000001010
write_index3 = 10000 write_enable = 0 write_data3 = 00100100000000100000000000001010
Is_Jump = 0, BranchNext = 00001111110000000000000000011100, Instr = 00001011111100000000000000000111, IorD = 0, State = 000 IrSel = 1
readdata = 00100100000000100000000000001010  address = 10111111110000000000000000010100 read = 1
PC = 10111111110000000000000000010100 Result = 00001111110000000000000000011100 PCWrite = 1 ALUsel = 0 PCIs0 = 0, AluSrcB = 00000000000000000000000000011100 AluSrcB = 11
SrcA = 00000000000000000000000000000000 AluSrcA = 1 ALUControl = 10001
reset = 0


Is_Jump = 0, BranchNext = 00001111110000000000000000011100, Instr = 00100100000000100000000000001010, IorD = 0, State = 001 IrSel = 0
readdata = 00100100000000100000000000001010  address = 10111111110000000000000000011100 read = 0
PC = 10111111110000000000000000011100 Result = 10111111110000000000000001001000 PCWrite = 0 ALUsel = 0 PCIs0 = 0, AluSrcB = 00000000000000000000000000101000 AluSrcB = 11
SrcA = 10111111110000000000000000011100 AluSrcA = 0 ALUControl = 01101
reset = 0


write_index3 = 00010 write_enable = 0 write_data3 = 00100100000000100000000000001010
write_index3 = 00010 write_enable = 0 write_data3 = 00000000011000100001000000100001
Is_Jump = 0, BranchNext = 10111111110000000000000001001000, Instr = 00100100000000100000000000001010, IorD = 0, State = 010 IrSel = 1
readdata = 00000000011000100001000000100001  address = 10111111110000000000000000011100 read = 0
PC = 10111111110000000000000000011100 Result = 00000000000000000000000000001010 PCWrite = 0 ALUsel = 0 PCIs0 = 0, AluSrcB = 00000000000000000000000000001010 AluSrcB = 10
SrcA = 00000000000000000000000000000000 AluSrcA = 1 ALUControl = 00010
reset = 0


Is_Jump = 0, BranchNext = 00000000000000000000000000001010, Instr = 00100100000000100000000000001010, IorD = 0, State = 011 IrSel = 1
readdata = 00000000011000100001000000100001  address = 10111111110000000000000000011100 read = 0
PC = 10111111110000000000000000011100 Result = 00000000000000000000000000001010 PCWrite = 0 ALUsel = 1 PCIs0 = 0, AluSrcB = 00000000000000000000000000001010 AluSrcB = 10
SrcA = 00000000000000000000000000000000 AluSrcA = 1 ALUControl = 00010
reset = 0


write_index3 = 00010 write_enable = 1 write_data3 = 00000000000000000000000000001010
write_index3 = 00010 write_enable = 0 write_data3 = 10111111110000000000000000100000
Is_Jump = 0, BranchNext = 00000000000000000000000000001010, Instr = 00100100000000100000000000001010, IorD = 0, State = 000 IrSel = 1
readdata = 00000000011000100001000000100001  address = 10111111110000000000000000011100 read = 1
PC = 10111111110000000000000000011100 Result = 10111111110000000000000000100000 PCWrite = 1 ALUsel = 0 PCIs0 = 0, AluSrcB = 00000000000000000000000000000100 AluSrcB = 01
SrcA = 10111111110000000000000000011100 AluSrcA = 0 ALUControl = 00010
reset = 0


Is_Jump = 0, BranchNext = 10111111110000000000000000100000, Instr = 00000000011000100001000000100001, IorD = 0, State = 001 IrSel = 0
readdata = 00000000011000100001000000100001  address = 10111111110000000000000000100000 read = 0
PC = 10111111110000000000000000100000 Result = 10111111110000000100000010101000 PCWrite = 0 ALUsel = 0 PCIs0 = 0, AluSrcB = 00000000000000000100000010000100 AluSrcB = 11
SrcA = 10111111110000000000000000100000 AluSrcA = 0 ALUControl = 01101
reset = 0


write_index3 = 00010 write_enable = 0 write_data3 = 10111111110000000100000010101000
write_index3 = 00010 write_enable = 0 write_data3 = 00000000000000000000000001101110
Is_Jump = 0, BranchNext = 10111111110000000100000010101000, Instr = 00000000011000100001000000100001, IorD = 0, State = 010 IrSel = 1
readdata = 00000000000000000000000000001000  address = 10111111110000000000000000100000 read = 0
PC = 10111111110000000000000000100000 Result = 00000000000000000000000001101110 PCWrite = 0 ALUsel = 0 PCIs0 = 0, AluSrcB = 00000000000000000000000000001010 AluSrcB = 00
SrcA = 00000000000000000000000001100100 AluSrcA = 1 ALUControl = 01111
reset = 0


Is_Jump = 0, BranchNext = 00000000000000000000000001101110, Instr = 00000000011000100001000000100001, IorD = 0, State = 011 IrSel = 1
readdata = 00000000000000000000000000001000  address = 10111111110000000000000000100000 read = 0
PC = 10111111110000000000000000100000 Result = 00000000000000000000000001101110 PCWrite = 0 ALUsel = 1 PCIs0 = 0, AluSrcB = 00000000000000000000000000001010 AluSrcB = 00
SrcA = 00000000000000000000000001100100 AluSrcA = 1 ALUControl = 01111
reset = 0


write_index3 = 00010 write_enable = 1 write_data3 = 00000000000000000000000001101110
write_index3 = 00010 write_enable = 0 write_data3 = 10111111110000000000000000100100
Is_Jump = 0, BranchNext = 00000000000000000000000001101110, Instr = 00000000011000100001000000100001, IorD = 0, State = 000 IrSel = 1
readdata = 00000000000000000000000000001000  address = 10111111110000000000000000100000 read = 1
PC = 10111111110000000000000000100000 Result = 10111111110000000000000000100100 PCWrite = 1 ALUsel = 0 PCIs0 = 0, AluSrcB = 00000000000000000000000000000100 AluSrcB = 01
SrcA = 10111111110000000000000000100000 AluSrcA = 0 ALUControl = 00010
reset = 0


Is_Jump = 0, BranchNext = 10111111110000000000000000100100, Instr = 00000000000000000000000000001000, IorD = 0, State = 001 IrSel = 0
readdata = 00000000000000000000000000001000  address = 10111111110000000000000000100100 read = 0
PC = 10111111110000000000000000100100 Result = 10111111110000000000000001001000 PCWrite = 0 ALUsel = 0 PCIs0 = 0, AluSrcB = 00000000000000000000000000100000 AluSrcB = 11
SrcA = 10111111110000000000000000100100 AluSrcA = 0 ALUControl = 01101
reset = 0


write_index3 = 00000 write_enable = 0 write_data3 = 10111111110000000000000001001000
write_index3 = 00000 write_enable = 0 write_data3 = 00000000000000000000000000000000
Is_Jump = 0, BranchNext = 10111111110000000000000001001000, Instr = 00000000000000000000000000001000, IorD = 0, State = 010 IrSel = 1
readdata = 00000000011000100001000000100001  address = 10111111110000000000000000100100 read = 0
PC = 10111111110000000000000000100100 Result = 00000000000000000000000000000000 PCWrite = 0 ALUsel = 0 PCIs0 = 0, AluSrcB = 00000000000000000000000000000000 AluSrcB = 00
SrcA = 00000000000000000000000000000000 AluSrcA = 1 ALUControl = 01110
reset = 0


Is_Jump = 0, BranchNext = 00000000000000000000000000000000, Instr = 00000000000000000000000000001000, IorD = 0, State = 000 IrSel = 1
readdata = 00000000011000100001000000100001  address = 10111111110000000000000000100100 read = 1
PC = 10111111110000000000000000100100 Result = 00000000000000000000000000000000 PCWrite = 1 ALUsel = 0 PCIs0 = 0, AluSrcB = 00000000000000000000000000000000 AluSrcB = 00
SrcA = 00000000000000000000000000000000 AluSrcA = 1 ALUControl = 01110
reset = 0


write_index3 = 00000 write_enable = 0 write_data3 = 00000000000000000000000000000000
write_index3 = 00010 write_enable = 0 write_data3 = 00000000000000000100000010001000
Is_Jump = 0, BranchNext = 00000000000000000000000000000000, Instr = 00000000011000100001000000100001, IorD = 0, State = 001 IrSel = 0
readdata = 00000000011000100001000000100001  address = 00000000000000000000000000000000 read = 0
PC = 00000000000000000000000000000000 Result = 00000000000000000100000010001000 PCWrite = 0 ALUsel = 0 PCIs0 = 1, AluSrcB = 00000000000000000100000010000100 AluSrcB = 11
SrcA = 00000000000000000000000000000000 AluSrcA = 0 ALUControl = 01101
reset = 0


TB : finished; active=0
Time taken :               730000 ns
RESULT :        110
Is_Jump = 0, BranchNext = 00000000000000000100000010001000, Instr = 00000000011000100001000000100001, IorD = 0, State = 101 IrSel = 1
write_index3 = 00010 write_enable = 0 write_data3 = 00000000000000000100000010001000
