<<<<<<< HEAD
6580
=======
2330
>>>>>>> dbf791f4997d41aa1d069e9962ab5cf8a31967cb
