<<<<<<< HEAD
8670
=======
8910
>>>>>>> dbf791f4997d41aa1d069e9962ab5cf8a31967cb
